[debug] [2025-02-20T07:34:01.987Z] ----------------------------------------------------------------------
[debug] [2025-02-20T07:34:01.991Z] Command:       C:\Program Files\nodejs\node.exe C:\Users\noels\AppData\Roaming\npm\node_modules\firebase-tools\lib\bin\firebase.js init
[debug] [2025-02-20T07:34:01.991Z] CLI Version:   13.31.2
[debug] [2025-02-20T07:34:01.992Z] Platform:      win32
[debug] [2025-02-20T07:34:01.992Z] Node Version:  v20.11.0
[debug] [2025-02-20T07:34:01.992Z] Time:          Thu Feb 20 2025 00:34:01 GMT-0700 (Mountain Standard Time)
[debug] [2025-02-20T07:34:01.992Z] ----------------------------------------------------------------------
[debug] 
[debug] [2025-02-20T07:34:02.002Z] > command requires scopes: ["email","openid","https://www.googleapis.com/auth/cloudplatformprojects.readonly","https://www.googleapis.com/auth/firebase","https://www.googleapis.com/auth/cloud-platform"]
[debug] [2025-02-20T07:34:02.002Z] > authorizing via signed-in user (noel.saldanha91@gmail.com)
[info] 
     ######## #### ########  ######## ########     ###     ######  ########
     ##        ##  ##     ## ##       ##     ##  ##   ##  ##       ##
     ######    ##  ########  ######   ########  #########  ######  ######
     ##        ##  ##    ##  ##       ##     ## ##     ##       ## ##
     ##       #### ##     ## ######## ########  ##     ##  ######  ########

You're about to initialize a Firebase project in this directory:

  C:\firebase

Before we get started, keep in mind:

  * You are currently outside your home directory

[info] 
=== Project Setup
[info] 
[info] First, let's associate this project directory with a Firebase project.
[info] You can create multiple project aliases by running firebase use --add, 
[info] but for now we'll just set up a default project.
[info] 
[debug] [2025-02-20T07:37:49.585Z] Checked if tokens are valid: true, expires at: 1740040287053
[debug] [2025-02-20T07:37:49.586Z] Checked if tokens are valid: true, expires at: 1740040287053
[debug] [2025-02-20T07:37:49.595Z] >>> [apiv2][query] GET https://firebase.googleapis.com/v1beta1/projects pageSize=100
[debug] [2025-02-20T07:37:50.304Z] <<< [apiv2][status] GET https://firebase.googleapis.com/v1beta1/projects 200
[debug] [2025-02-20T07:37:50.305Z] <<< [apiv2][body] GET https://firebase.googleapis.com/v1beta1/projects [omitted]
[info] i  Using project react-course-50633 (react-course) 
[info] 
=== Dataconnect Setup
[debug] [2025-02-20T07:39:35.901Z] Checked if tokens are valid: true, expires at: 1740040287053
[debug] [2025-02-20T07:39:35.902Z] Checked if tokens are valid: true, expires at: 1740040287053
[debug] [2025-02-20T07:39:35.902Z] >>> [apiv2][query] GET https://cloudbilling.googleapis.com/v1/projects/react-course-50633/billingInfo [none]
[debug] [2025-02-20T07:39:36.476Z] <<< [apiv2][status] GET https://cloudbilling.googleapis.com/v1/projects/react-course-50633/billingInfo 200
[debug] [2025-02-20T07:39:36.477Z] <<< [apiv2][body] GET https://cloudbilling.googleapis.com/v1/projects/react-course-50633/billingInfo {"name":"projects/react-course-50633/billingInfo","projectId":"react-course-50633","billingAccountName":"","billingEnabled":false}
[info] i  dataconnect: ensuring required API sqladmin.googleapis.com is enabled... 
[debug] [2025-02-20T07:39:36.480Z] Checked if tokens are valid: true, expires at: 1740040287053
[debug] [2025-02-20T07:39:36.481Z] Checked if tokens are valid: true, expires at: 1740040287053
[debug] [2025-02-20T07:39:36.481Z] >>> [apiv2][query] GET https://serviceusage.googleapis.com/v1/projects/react-course-50633/services/sqladmin.googleapis.com [none]
[debug] [2025-02-20T07:39:36.482Z] >>> [apiv2][(partial)header] GET https://serviceusage.googleapis.com/v1/projects/react-course-50633/services/sqladmin.googleapis.com x-goog-quota-user=projects/react-course-50633
[debug] [2025-02-20T07:39:37.185Z] <<< [apiv2][status] GET https://serviceusage.googleapis.com/v1/projects/react-course-50633/services/sqladmin.googleapis.com 200
[debug] [2025-02-20T07:39:37.186Z] <<< [apiv2][body] GET https://serviceusage.googleapis.com/v1/projects/react-course-50633/services/sqladmin.googleapis.com [omitted]
[warn] !  dataconnect: missing required API sqladmin.googleapis.com. Enabling now... 
[debug] [2025-02-20T07:39:37.189Z] Checked if tokens are valid: true, expires at: 1740040287053
[debug] [2025-02-20T07:39:37.190Z] Checked if tokens are valid: true, expires at: 1740040287053
[debug] [2025-02-20T07:39:37.191Z] >>> [apiv2][query] POST https://serviceusage.googleapis.com/v1/projects/react-course-50633/services/sqladmin.googleapis.com:enable [none]
[debug] [2025-02-20T07:39:37.191Z] >>> [apiv2][(partial)header] POST https://serviceusage.googleapis.com/v1/projects/react-course-50633/services/sqladmin.googleapis.com:enable x-goog-quota-user=projects/react-course-50633
[debug] [2025-02-20T07:39:37.492Z] <<< [apiv2][status] POST https://serviceusage.googleapis.com/v1/projects/react-course-50633/services/sqladmin.googleapis.com:enable 200
[debug] [2025-02-20T07:39:37.493Z] <<< [apiv2][body] POST https://serviceusage.googleapis.com/v1/projects/react-course-50633/services/sqladmin.googleapis.com:enable [omitted]
[debug] [2025-02-20T07:39:47.507Z] Checked if tokens are valid: true, expires at: 1740040287053
[debug] [2025-02-20T07:39:47.508Z] Checked if tokens are valid: true, expires at: 1740040287053
[debug] [2025-02-20T07:39:47.509Z] >>> [apiv2][query] GET https://serviceusage.googleapis.com/v1/projects/react-course-50633/services/sqladmin.googleapis.com [none]
[debug] [2025-02-20T07:39:47.509Z] >>> [apiv2][(partial)header] GET https://serviceusage.googleapis.com/v1/projects/react-course-50633/services/sqladmin.googleapis.com x-goog-quota-user=projects/react-course-50633
[debug] [2025-02-20T07:39:47.943Z] <<< [apiv2][status] GET https://serviceusage.googleapis.com/v1/projects/react-course-50633/services/sqladmin.googleapis.com 200
[debug] [2025-02-20T07:39:47.944Z] <<< [apiv2][body] GET https://serviceusage.googleapis.com/v1/projects/react-course-50633/services/sqladmin.googleapis.com [omitted]
[info] +  dataconnect: required API sqladmin.googleapis.com is enabled 
[info] +  Wrote dataconnect\dataconnect.yaml 
[info] +  Wrote dataconnect\schema\schema.gql 
[info] +  Wrote dataconnect\connector\connector.yaml 
[info] +  Wrote dataconnect\connector\queries.gql 
[info] +  Wrote dataconnect\connector\mutations.gql 
[info] +  Detected WEB app in directory C:\firebase 
[info] i  Wrote new config to C:\firebase\dataconnect\connector/connector.yaml 
[info] i  dataconnect: downloading dataconnect-emulator-1.8.2.exe... {"metadata":{"emulator":{"name":"dataconnect"},"message":"downloading dataconnect-emulator-1.8.2.exe..."}}
[debug] [2025-02-20T07:41:27.793Z] >>> [apiv2][query] GET https://storage.googleapis.com/firemat-preview-drop/emulator/dataconnect-emulator-windows-v1.8.2 
[debug] [2025-02-20T07:41:28.184Z] <<< [apiv2][status] GET https://storage.googleapis.com/firemat-preview-drop/emulator/dataconnect-emulator-windows-v1.8.2 200
[debug] [2025-02-20T07:41:28.185Z] <<< [apiv2][body] GET https://storage.googleapis.com/firemat-preview-drop/emulator/dataconnect-emulator-windows-v1.8.2 [stream]
[debug] [2025-02-20T07:46:05.404Z] ----------------------------------------------------------------------
[debug] [2025-02-20T07:46:05.424Z] Command:       C:\Program Files\nodejs\node.exe C:\Users\noels\AppData\Roaming\npm\node_modules\firebase-tools\lib\bin\firebase.js init
[debug] [2025-02-20T07:46:05.431Z] CLI Version:   13.31.2
[debug] [2025-02-20T07:46:05.434Z] Platform:      win32
[debug] [2025-02-20T07:46:05.435Z] Node Version:  v20.11.0
[debug] [2025-02-20T07:46:05.437Z] Time:          Thu Feb 20 2025 00:46:05 GMT-0700 (Mountain Standard Time)
[debug] [2025-02-20T07:46:05.438Z] ----------------------------------------------------------------------
[debug] 
[debug] [2025-02-20T07:46:05.491Z] > command requires scopes: ["email","openid","https://www.googleapis.com/auth/cloudplatformprojects.readonly","https://www.googleapis.com/auth/firebase","https://www.googleapis.com/auth/cloud-platform"]
[debug] [2025-02-20T07:46:05.496Z] > authorizing via signed-in user (noel.saldanha91@gmail.com)
[info] 
     ######## #### ########  ######## ########     ###     ######  ########
     ##        ##  ##     ## ##       ##     ##  ##   ##  ##       ##
     ######    ##  ########  ######   ########  #########  ######  ######
     ##        ##  ##    ##  ##       ##     ## ##     ##       ## ##
     ##       #### ##     ## ######## ########  ##     ##  ######  ########

You're about to initialize a Firebase project in this directory:

  C:\firebase

Before we get started, keep in mind:

  * You are currently outside your home directory

[info] 
=== Project Setup
[info] 
[info] First, let's associate this project directory with a Firebase project.
[info] You can create multiple project aliases by running firebase use --add, 
[info] but for now we'll just set up a default project.
[info] 
[debug] [2025-02-20T07:46:38.861Z] Checked if tokens are valid: true, expires at: 1740040287053
[debug] [2025-02-20T07:46:38.863Z] Checked if tokens are valid: true, expires at: 1740040287053
[debug] [2025-02-20T07:46:38.874Z] >>> [apiv2][query] GET https://firebase.googleapis.com/v1beta1/projects pageSize=100
[debug] [2025-02-20T07:46:39.646Z] <<< [apiv2][status] GET https://firebase.googleapis.com/v1beta1/projects 200
[debug] [2025-02-20T07:46:39.647Z] <<< [apiv2][body] GET https://firebase.googleapis.com/v1beta1/projects [omitted]
[info] i  Using project react-course-50633 (react-course) 
[info] 
=== Hosting Setup
[debug] [2025-02-20T07:46:47.863Z] Checked if tokens are valid: true, expires at: 1740040287053
[debug] [2025-02-20T07:46:47.864Z] Checked if tokens are valid: true, expires at: 1740040287053
[debug] [2025-02-20T07:46:47.864Z] >>> [apiv2][query] GET https://firebase.googleapis.com/v1beta1/projects/react-course-50633 [none]
[debug] [2025-02-20T07:46:48.265Z] <<< [apiv2][status] GET https://firebase.googleapis.com/v1beta1/projects/react-course-50633 200
[debug] [2025-02-20T07:46:48.266Z] <<< [apiv2][body] GET https://firebase.googleapis.com/v1beta1/projects/react-course-50633 {"projectId":"react-course-50633","projectNumber":"735090847586","displayName":"react-course","name":"projects/react-course-50633","resources":{"hostingSite":"react-course-50633"},"state":"ACTIVE","etag":"1_5d03933f-581f-4aa0-bc8d-9b12d64f0b44"}
[info] 
[info] Your public directory is the folder (relative to your project directory) that
[info] will contain Hosting assets to be uploaded with firebase deploy. If you
[info] have a build process for your assets, use your build's output directory.
[info] 
[info] +  Wrote public/404.html 
[debug] [2025-02-20T07:51:33.396Z] >>> [apiv2][query] GET https://www.gstatic.com/firebasejs/releases.json [none]
[debug] [2025-02-20T07:51:33.616Z] <<< [apiv2][status] GET https://www.gstatic.com/firebasejs/releases.json 200
[debug] [2025-02-20T07:51:33.617Z] <<< [apiv2][body] GET https://www.gstatic.com/firebasejs/releases.json {"current":{"version":"11.3.1","browserURL":"https://www.gstatic.com/firebasejs/11.3.1/firebase.js","packageURL":"https://www.gstatic.com/firebasejs/11.3.1/firebase.tgz"},"live":{"version":"11.3","browserURL":"https://www.gstatic.com/firebasejs/live/11.3/firebase.js","packageURL":"https://www.gstatic.com/firebasejs/live/11.3/firebase.tgz"},"components":{"analytics":"https://www.gstatic.com/firebasejs/11.3.1/firebase-analytics.js","app":"https://www.gstatic.com/firebasejs/11.3.1/firebase-app.js","app-check":"https://www.gstatic.com/firebasejs/11.3.1/firebase-app-check.js","auth":"https://www.gstatic.com/firebasejs/11.3.1/firebase-auth.js","auth/cordova":"https://www.gstatic.com/firebasejs/11.3.1/firebase-auth/cordova.js","auth/web-extension":"https://www.gstatic.com/firebasejs/11.3.1/firebase-auth/web-extension.js","functions":"https://www.gstatic.com/firebasejs/11.3.1/firebase-functions.js","firestore":"https://www.gstatic.com/firebasejs/11.3.1/firebase-firestore.js","firestore/lite":"https://www.gstatic.com/firebasejs/11.3.1/firebase-firestore/lite.js","installations":"https://www.gstatic.com/firebasejs/11.3.1/firebase-installations.js","storage":"https://www.gstatic.com/firebasejs/11.3.1/firebase-storage.js","performance":"https://www.gstatic.com/firebasejs/11.3.1/firebase-performance.js","remote-config":"https://www.gstatic.com/firebasejs/11.3.1/firebase-remote-config.js","messaging":"https://www.gstatic.com/firebasejs/11.3.1/firebase-messaging.js","messaging/sw":"https://www.gstatic.com/firebasejs/11.3.1/firebase-messaging/sw.js","database":"https://www.gstatic.com/firebasejs/11.3.1/firebase-database.js","vertexai":"https://www.gstatic.com/firebasejs/11.3.1/firebase-vertexai.js","data-connect":"https://www.gstatic.com/firebasejs/11.3.1/firebase-data-connect.js","firestore.memory":"https://www.gstatic.com/firebasejs/11.3.1/firebase-firestore.memory.js"}}
[info] i  Skipping write of public/index.html 
[info] 
[info] i  Detected a .git folder at C:\firebase 
[info] i  Authorizing with GitHub to upload your service account to a GitHub repository's secrets store. 
[info] 
[info] Visit this URL on this device to log in:
[info] https://github.com/login/oauth/authorize?client_id=89cf50f02ac6aaed3484&state=602820004&redirect_uri=http%3A%2F%2Flocalhost%3A9005&scope=read%3Auser%20repo%20public_repo
[info] 
[info] Waiting for authentication...
[debug] [2025-02-20T07:52:22.499Z] >>> [apiv2][query] POST https://github.com/login/oauth/access_token [none]
[debug] [2025-02-20T07:52:22.500Z] >>> [apiv2][body] POST https://github.com/login/oauth/access_token [stream]
[debug] [2025-02-20T07:52:22.942Z] <<< [apiv2][status] POST https://github.com/login/oauth/access_token 200
[debug] [2025-02-20T07:52:22.943Z] <<< [apiv2][body] POST https://github.com/login/oauth/access_token {"access_token":"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","token_type":"bearer","scope":"read:user,repo"}
[debug] [2025-02-20T07:52:22.954Z] >>> [apiv2][query] GET https://api.github.com/user [none]
[debug] [2025-02-20T07:52:23.361Z] <<< [apiv2][status] GET https://api.github.com/user 200
[debug] [2025-02-20T07:52:23.362Z] <<< [apiv2][body] GET https://api.github.com/user {"login":"noelsaldanha1991","id":51436423,"node_id":"MDQ6VXNlcjUxNDM2NDIz","avatar_url":"https://avatars.githubusercontent.com/u/51436423?v=4","gravatar_id":"","url":"https://api.github.com/users/noelsaldanha1991","html_url":"https://github.com/noelsaldanha1991","followers_url":"https://api.github.com/users/noelsaldanha1991/followers","following_url":"https://api.github.com/users/noelsaldanha1991/following{/other_user}","gists_url":"https://api.github.com/users/noelsaldanha1991/gists{/gist_id}","starred_url":"https://api.github.com/users/noelsaldanha1991/starred{/owner}{/repo}","subscriptions_url":"https://api.github.com/users/noelsaldanha1991/subscriptions","organizations_url":"https://api.github.com/users/noelsaldanha1991/orgs","repos_url":"https://api.github.com/users/noelsaldanha1991/repos","events_url":"https://api.github.com/users/noelsaldanha1991/events{/privacy}","received_events_url":"https://api.github.com/users/noelsaldanha1991/received_events","type":"User","user_view_type":"private","site_admin":false,"name":null,"company":null,"blog":"","location":null,"email":null,"hireable":null,"bio":null,"twitter_username":null,"notification_email":null,"public_repos":5,"public_gists":0,"followers":0,"following":0,"created_at":"2019-06-06T07:12:22Z","updated_at":"2025-02-20T07:52:17Z","private_gists":0,"total_private_repos":0,"owned_private_repos":0,"disk_usage":46657,"collaborators":0,"two_factor_authentication":false,"plan":{"name":"free","space":976562499,"collaborators":0,"private_repos":10000}}
[info] 
[info] +  Success! Logged into GitHub as noelsaldanha1991 
[info] 
